// Jest Snapshot v1, https://goo.gl/fbAQLP

exports[`ObfuscatedPan renders correctly 1`] = `
<span>
  *
  1978
</span>
`;
