// Jest Snapshot v1, https://goo.gl/fbAQLP

exports[`Offset renders correctly 1`] = `
<div
  className="css-ajblnw"
/>
`;
