// Jest Snapshot v1, https://goo.gl/fbAQLP

exports[`Amount renders correctly 1`] = `
<span>
  100 000,00 ₽
</span>
`;
