// Jest Snapshot v1, https://goo.gl/fbAQLP

exports[`Paginator renders correctly 1`] = `
<div
  className="css-vjx0t8"
>
  <a
    className="css-181jtn9"
    onBlur={[Function]}
    onClick={[Function]}
    onFocus={[Function]}
    onMouseDown={[Function]}
    onMouseEnter={[Function]}
    onMouseLeave={[Function]}
    onMouseUp={[Function]}
  >
    <div
      className="css-1r1bp18"
    >
      <svg
        className="css-9uy14h"
        focusable="false"
        viewBox="0 0 24 24"
      >
        <path
          className="css-0"
          d="M11.707 7.707L7.414 12l4.293 4.293a1 1 0 0 1-1.414 1.414l-5-5a1 1 0 0 1 0-1.414l5-5a1 1 0 0 1 1.414 1.414zm6 0L13.414 12l4.293 4.293a1 1 0 0 1-1.414 1.414l-5-5a1 1 0 0 1 0-1.414l5-5a1 1 0 0 1 1.414 1.414z"
          fill="#000"
        />
      </svg>
    </div>
  </a>
  <a
    className="css-n89hcz"
    onBlur={[Function]}
    onClick={[Function]}
    onFocus={[Function]}
    onMouseDown={[Function]}
    onMouseEnter={[Function]}
    onMouseLeave={[Function]}
    onMouseUp={[Function]}
  >
    <div
      className="css-1r1bp18"
    >
      <svg
        className="css-9uy14h"
        focusable="false"
        viewBox="0 0 24 24"
      >
        <path
          className="css-0"
          d="M14.707 7.707a1 1 0 1 0-1.414-1.414l-5 5a1 1 0 0 0 0 1.414l5 5a1 1 0 0 0 1.414-1.414L10.414 12l4.293-4.293z"
          fill="#000"
        />
      </svg>
    </div>
  </a>
  <a
    className="css-n89hcz"
    onBlur={[Function]}
    onClick={[Function]}
    onFocus={[Function]}
    onMouseDown={[Function]}
    onMouseEnter={[Function]}
    onMouseLeave={[Function]}
    onMouseUp={[Function]}
  >
    <div
      className="css-1r1bp18"
    >
      <span
        className="css-72xrwa"
      >
        1
      </span>
    </div>
  </a>
  <a
    className="css-n89hcz"
    onBlur={[Function]}
    onClick={[Function]}
    onFocus={[Function]}
    onMouseDown={[Function]}
    onMouseEnter={[Function]}
    onMouseLeave={[Function]}
    onMouseUp={[Function]}
  >
    <div
      className="css-1r1bp18"
    >
      <span
        className="css-9025bs"
      >
        2
      </span>
    </div>
  </a>
  <a
    className="css-n89hcz"
    onBlur={[Function]}
    onClick={[Function]}
    onFocus={[Function]}
    onMouseDown={[Function]}
    onMouseEnter={[Function]}
    onMouseLeave={[Function]}
    onMouseUp={[Function]}
  >
    <div
      className="css-1r1bp18"
    >
      <span
        className="css-72xrwa"
      >
        3
      </span>
    </div>
  </a>
  <a
    className="css-n89hcz"
    onBlur={[Function]}
    onClick={[Function]}
    onFocus={[Function]}
    onMouseDown={[Function]}
    onMouseEnter={[Function]}
    onMouseLeave={[Function]}
    onMouseUp={[Function]}
  >
    <div
      className="css-1r1bp18"
    >
      <span
        className="css-72xrwa"
      >
        4
      </span>
    </div>
  </a>
  <a
    className="css-n89hcz"
    onBlur={[Function]}
    onClick={[Function]}
    onFocus={[Function]}
    onMouseDown={[Function]}
    onMouseEnter={[Function]}
    onMouseLeave={[Function]}
    onMouseUp={[Function]}
  >
    <div
      className="css-1r1bp18"
    >
      <span
        className="css-72xrwa"
      >
        5
      </span>
    </div>
  </a>
  <a
    className="css-n89hcz"
    onBlur={[Function]}
    onClick={[Function]}
    onFocus={[Function]}
    onMouseDown={[Function]}
    onMouseEnter={[Function]}
    onMouseLeave={[Function]}
    onMouseUp={[Function]}
  >
    <div
      className="css-1r1bp18"
    >
      <span
        className="css-72xrwa"
      >
        6
      </span>
    </div>
  </a>
  <a
    className="css-n89hcz"
    onBlur={[Function]}
    onClick={[Function]}
    onFocus={[Function]}
    onMouseDown={[Function]}
    onMouseEnter={[Function]}
    onMouseLeave={[Function]}
    onMouseUp={[Function]}
  >
    <div
      className="css-1r1bp18"
    >
      <span
        className="css-72xrwa"
      >
        7
      </span>
    </div>
  </a>
  <a
    className="css-n89hcz"
    onBlur={[Function]}
    onClick={[Function]}
    onFocus={[Function]}
    onMouseDown={[Function]}
    onMouseEnter={[Function]}
    onMouseLeave={[Function]}
    onMouseUp={[Function]}
  >
    <div
      className="css-1r1bp18"
    >
      <span
        className="css-72xrwa"
      >
        8
      </span>
    </div>
  </a>
  <a
    className="css-n89hcz"
    onBlur={[Function]}
    onClick={[Function]}
    onFocus={[Function]}
    onMouseDown={[Function]}
    onMouseEnter={[Function]}
    onMouseLeave={[Function]}
    onMouseUp={[Function]}
  >
    <div
      className="css-1r1bp18"
    >
      <span
        className="css-72xrwa"
      >
        9
      </span>
    </div>
  </a>
  <a
    className="css-n89hcz"
    onBlur={[Function]}
    onClick={[Function]}
    onFocus={[Function]}
    onMouseDown={[Function]}
    onMouseEnter={[Function]}
    onMouseLeave={[Function]}
    onMouseUp={[Function]}
  >
    <div
      className="css-1r1bp18"
    >
      <span
        className="css-72xrwa"
      >
        10
      </span>
    </div>
  </a>
  <a
    className="css-n89hcz"
    onBlur={[Function]}
    onClick={[Function]}
    onFocus={[Function]}
    onMouseDown={[Function]}
    onMouseEnter={[Function]}
    onMouseLeave={[Function]}
    onMouseUp={[Function]}
  >
    <div
      className="css-1r1bp18"
    >
      <svg
        className="css-9uy14h"
        focusable="false"
        viewBox="0 0 24 24"
      >
        <path
          className="css-0"
          d="M9.293 7.707a1 1 0 1 1 1.414-1.414l5 5a1 1 0 0 1 0 1.414l-5 5a1 1 0 0 1-1.414-1.414L13.586 12 9.293 7.707z"
          fill="#000"
        />
      </svg>
    </div>
  </a>
  <a
    className="css-181jtn9"
    onBlur={[Function]}
    onClick={[Function]}
    onFocus={[Function]}
    onMouseDown={[Function]}
    onMouseEnter={[Function]}
    onMouseLeave={[Function]}
    onMouseUp={[Function]}
  >
    <div
      className="css-1r1bp18"
    >
      <svg
        className="css-9uy14h"
        focusable="false"
        viewBox="0 0 24 24"
      >
        <path
          className="css-0"
          d="M11.293 7.707a1 1 0 1 1 1.414-1.414l5 5a1 1 0 0 1 0 1.414l-5 5a1 1 0 0 1-1.414-1.414L15.586 12l-4.293-4.293zm-6 0a1 1 0 0 1 1.414-1.414l5 5a1 1 0 0 1 0 1.414l-5 5a1 1 0 1 1-1.414-1.414L9.586 12 5.293 7.707z"
          fill="#000"
        />
      </svg>
    </div>
  </a>
</div>
`;
